
[Test/cassette_batch_query/TestBatchQueryEndpoint/CommitQuery_protobuf - 1]
{
  "results": [
    {
      "query": {
        "commit": "17b30e96476be70b8773b2b807bab857fd3ceb39"
      },
      "vulns": [
        {
          "id": "CVE-2021-22569",
          "modified": "<RFC3339 date with the year 2026>"
        },
        {
          "id": "CVE-2022-1941",
          "modified": "<RFC3339 date with the year 2026>"
        },
        {
          "id": "CVE-2022-3171",
          "modified": "<RFC3339 date with the year 2026>"
        },
        {
          "id": "CVE-2022-3509",
          "modified": "<RFC3339 date with the year 2026>"
        },
        {
          "id": "CVE-2022-3510",
          "modified": "<RFC3339 date with the year 2026>"
        }
      ]
    }
  ]
}

---
