
[Test/cassette_batch_query/TestBatchQueryEndpoint/CommitQuery_protobuf - 1]
{
  "results": [
    {
      "vulns": [
        {
          "id": "CVE-2021-22569",
          "modified": "<RFC3339 date with the year 2026>"
        },
        {
          "id": "CVE-2022-1941",
          "modified": "<RFC3339 date with the year 2026>"
        },
        {
          "id": "CVE-2022-3171",
          "modified": "<RFC3339 date with the year 2026>"
        },
        {
          "id": "CVE-2022-3509",
          "modified": "<RFC3339 date with the year 2026>"
        },
        {
          "id": "CVE-2022-3510",
          "modified": "<RFC3339 date with the year 2026>"
        },
        {
          "id": "CVE-2024-2410",
          "modified": "<RFC3339 date with the year 2026>"
        },
        {
          "id": "CVE-2024-7254",
          "modified": "<RFC3339 date with the year 2026>"
        }
      ]
    }
  ]
}

---
