
[Test/cassette_TestCommand_WithDetector_OffLinux/TestCommand_WithDetector_OffLinux/ssh_version_errors - 1]
{"results":[{}]}
---

[Test/cassette_TestCommand_WithDetector_OffLinux/TestCommand_WithDetector_OffLinux/ssh_version_is_after_last_vuln_version - 1]
{"results":[{}]}
---

[Test/cassette_TestCommand_WithDetector_OffLinux/TestCommand_WithDetector_OffLinux/ssh_version_is_before_first_vuln_version - 1]
{"results":[{}]}
---
